
> frontend-react@0.0.0 dev
> vite --host 127.0.0.1 --port 5173 --force

[2m2:32:14 PM[22m [36m[1m[vite][22m[39m [90m[2m(client)[22m[39m Forced re-optimization of dependencies

  [32m[1mVITE[22m v8.1.4[39m  [2mready in [0m[1m4699[22m[2m[0m ms[22m

  [32m➜[39m  [1mLocal[22m:   [36mhttp://127.0.0.1:[1m5173[22m/[39m
[2m2:32:15 PM[22m [36m[1m[vite][22m[39m [90m[2m(client)[22m[39m [optimizer] scanning dependencies...
[2m2:32:17 PM[22m [36m[1m[vite][22m[39m [90m[2m(client)[22m[39m [optimizer] bundling dependencies...
[2m4:19:12 PM[22m [36m[1m[vite][22m[39m [90m[2m(client)[22m[39m [32mhmr update [39m[2m/src/index.css, /src/pages/patient/PatientKpiStrip.tsx[22m
[2m4:20:10 PM[22m [36m[1m[vite][22m[39m [90m[2m(client)[22m[39m [32mhmr update [39m[2m/src/index.css, /src/pages/patient/PatientKpiStrip.tsx[22m
[2m4:22:12 PM[22m [36m[1m[vite][22m[39m [90m[2m(client)[22m[39m [32mhmr update [39m[2m/src/index.css[22m
[2m4:22:37 PM[22m [36m[1m[vite][22m[39m [90m[2m(client)[22m[39m [32mhmr update [39m[2m/src/index.css, /src/components/ui/MarkdownMessage.tsx[22m
[2m4:23:05 PM[22m [36m[1m[vite][22m[39m [90m[2m(client)[22m[39m [32mhmr update [39m[2m/src/index.css, /src/components/ui/ChatPanel.tsx[22m
[2m4:23:05 PM[22m [36m[1m[vite][22m[39m [90m[2m(client)[22m[39m [33mhmr invalidate [39m[2m/src/components/ui/ChatPanel.tsx[22m Could not Fast Refresh ("describeSavedAction" export is incompatible). Learn more at https://github.com/vitejs/vite-plugin-react/tree/main/packages/plugin-react#consistent-components-exports
[2m4:23:05 PM[22m [36m[1m[vite][22m[39m [90m[2m(client)[22m[39m [32mhmr update [39m[2m/src/pages/patient/PatientDashboard.tsx[22m
[2m4:23:34 PM[22m [36m[1m[vite][22m[39m [90m[2m(client)[22m[39m [32mhmr update [39m[2m/src/index.css[22m
[2m4:24:19 PM[22m [36m[1m[vite][22m[39m [90m[2m(client)[22m[39m [32mpage reload [39m[2mindex.html[22m
[2m4:24:20 PM[22m [36m[1m[vite][22m[39m [90m[2m(client)[22m[39m [32mhmr update [39m[2m/src/pages/Login.tsx, /src/index.css[22m
[2m4:24:20 PM[22m [36m[1m[vite][22m[39m [90m[2m(client)[22m[39m [32mhmr update [39m[2m/src/index.css, /src/components/layout/AppShell.tsx[22m
[2m6:48:30 PM[22m [36m[1m[vite][22m[39m [90m[2m(client)[22m[39m [32mhmr update [39m[2m/src/index.css[22m
[2m7:04:27 PM[22m [36m[1m[vite][22m[39m [90m[2m(client)[22m[39m [32mpage reload [39m[2mplaywright-report/index.html[22m
[2m7:04:30 PM[22m [36m[1m[vite][22m[39m [90m[2m(client)[22m[39m [32mpage reload [39m[2mplaywright-report/index.html[22m
[2m7:04:30 PM[22m [36m[1m[vite][22m[39m [90m[2m(client)[22m[39m [32mpage reload [39m[2mplaywright-report/index.html[22m
[2m7:04:31 PM[22m [36m[1m[vite][22m[39m [90m[2m(client)[22m[39m [32mpage reload [39m[2mplaywright-report/trace/index.html[22m
[2m7:04:31 PM[22m [36m[1m[vite][22m[39m [90m[2m(client)[22m[39m [32mpage reload [39m[2mplaywright-report/trace/snapshot.html[22m
[2m7:04:31 PM[22m [36m[1m[vite][22m[39m [90m[2m(client)[22m[39m [32mpage reload [39m[2mplaywright-report/trace/uiMode.html[22m
[2m7:04:31 PM[22m [36m[1m[vite][22m[39m [90m[2m(client)[22m[39m [32mpage reload [39m[2mplaywright-report/index.html[22m
[2m7:09:22 PM[22m [36m[1m[vite][22m[39m [90m[2m(client)[22m[39m [32mpage reload [39m[2mplaywright-report/index.html[22m
[2m7:09:22 PM[22m [36m[1m[vite][22m[39m [90m[2m(client)[22m[39m [32mpage reload [39m[2mplaywright-report/trace/index.html[22m
[2m7:09:22 PM[22m [36m[1m[vite][22m[39m [90m[2m(client)[22m[39m [32mpage reload [39m[2mplaywright-report/trace/snapshot.html[22m
[2m7:09:22 PM[22m [36m[1m[vite][22m[39m [90m[2m(client)[22m[39m [32mpage reload [39m[2mplaywright-report/trace/uiMode.html[22m
[2m7:09:23 PM[22m [36m[1m[vite][22m[39m [90m[2m(client)[22m[39m [32mpage reload [39m[2mplaywright-report/index.html[22m
[2m7:09:23 PM[22m [36m[1m[vite][22m[39m [90m[2m(client)[22m[39m [32mpage reload [39m[2mplaywright-report/trace/index.html[22m
[2m7:09:23 PM[22m [36m[1m[vite][22m[39m [90m[2m(client)[22m[39m [32mpage reload [39m[2mplaywright-report/trace/snapshot.html[22m
[2m7:09:23 PM[22m [36m[1m[vite][22m[39m [90m[2m(client)[22m[39m [32mpage reload [39m[2mplaywright-report/index.html[22m
[2m7:09:23 PM[22m [36m[1m[vite][22m[39m [90m[2m(client)[22m[39m [32mpage reload [39m[2mplaywright-report/trace/uiMode.html[22m
[2m7:29:49 PM[22m [36m[1m[vite][22m[39m [90m[2m(client)[22m[39m [32mpage reload [39m[2mplaywright-report/index.html[22m
[2m7:29:49 PM[22m [36m[1m[vite][22m[39m [90m[2m(client)[22m[39m [32mpage reload [39m[2mplaywright-report/trace/index.html[22m
[2m7:29:49 PM[22m [36m[1m[vite][22m[39m [90m[2m(client)[22m[39m [32mpage reload [39m[2mplaywright-report/trace/snapshot.html[22m
[2m7:29:49 PM[22m [36m[1m[vite][22m[39m [90m[2m(client)[22m[39m [32mpage reload [39m[2mplaywright-report/trace/uiMode.html[22m
[2m7:29:49 PM[22m [36m[1m[vite][22m[39m [90m[2m(client)[22m[39m [32mpage reload [39m[2mplaywright-report/index.html[22m
[2m7:29:49 PM[22m [36m[1m[vite][22m[39m [90m[2m(client)[22m[39m [32mpage reload [39m[2mplaywright-report/index.html[22m
[2m8:09:04 PM[22m [36m[1m[vite][22m[39m [90m[2m(client)[22m[39m [32mhmr update [39m[2m/src/index.css, /src/components/ui/Spinner.tsx, /src/pages/Login.tsx, /src/pages/patient/PatientDashboard.tsx, /src/pages/patient/TimelinePanel.tsx, /src/pages/patient/GeneticCounselingPanel.tsx, /src/pages/patient/tools/ImagingForm.tsx, /src/pages/patient/tools/SymptomForm.tsx, /src/pages/patient/tools/MedicationForm.tsx, /src/pages/patient/tools/CBCForm.tsx, /src/pages/patient/tools/TreatmentNoteForm.tsx[22m
[2m8:10:15 PM[22m [36m[1m[vite][22m[39m [90m[2m(client)[22m[39m [32mhmr update [39m[2m/src/index.css, /src/components/ui/ChatPanel.tsx[22m
[2m8:10:15 PM[22m [36m[1m[vite][22m[39m [90m[2m(client)[22m[39m [32mhmr update [39m[2m/src/pages/patient/PatientDashboard.tsx, /src/index.css[22m
[2m8:10:15 PM[22m [36m[1m[vite][22m[39m [90m[2m(client)[22m[39m [32mhmr update [39m[2m/src/index.css[22m
[2m8:10:17 PM[22m [36m[1m[vite][22m[39m [90m[2m(client)[22m[39m [33mhmr invalidate [39m[2m/src/components/ui/ChatPanel.tsx[22m Could not Fast Refresh ("describeSavedAction" export is incompatible). Learn more at https://github.com/vitejs/vite-plugin-react/tree/main/packages/plugin-react#consistent-components-exports
[2m8:10:17 PM[22m [36m[1m[vite][22m[39m [90m[2m(client)[22m[39m [32mhmr update [39m[2m/src/pages/patient/PatientDashboard.tsx[22m
[2m8:14:35 PM[22m [36m[1m[vite][22m[39m [90m[2m(client)[22m[39m [32mhmr update [39m[2m/src/index.css, /src/pages/patient/PatientKpiStrip.tsx[22m
[2m8:15:10 PM[22m [36m[1m[vite][22m[39m [90m[2m(client)[22m[39m [32mhmr update [39m[2m/src/index.css, /src/pages/patient/PatientKpiStrip.tsx[22m
[2m10:28:09 PM[22m [36m[1m[vite][22m[39m [90m[2m(client)[22m[39m [32mhmr update [39m[2m/src/index.css, /src/components/ui/ChatPanel.tsx[22m
[2m10:28:10 PM[22m [36m[1m[vite][22m[39m [90m[2m(client)[22m[39m [33mhmr invalidate [39m[2m/src/components/ui/ChatPanel.tsx[22m Could not Fast Refresh ("describeSavedAction" export is incompatible). Learn more at https://github.com/vitejs/vite-plugin-react/tree/main/packages/plugin-react#consistent-components-exports
[2m10:28:10 PM[22m [36m[1m[vite][22m[39m [90m[2m(client)[22m[39m [32mhmr update [39m[2m/src/pages/patient/PatientDashboard.tsx[22m
[2m10:29:03 PM[22m [36m[1m[vite][22m[39m [90m[2m(client)[22m[39m [32mhmr update [39m[2m/src/index.css[22m
[2m10:29:30 PM[22m [36m[1m[vite][22m[39m [90m[2m(client)[22m[39m [32mhmr update [39m[2m/src/pages/patient/PatientDashboard.tsx, /src/index.css[22m
[2m11:22:21 PM[22m [36m[1m[vite][22m[39m [90m[2m(client)[22m[39m [32mpage reload [39m[2mplaywright-report/index.html[22m
[2m11:22:21 PM[22m [36m[1m[vite][22m[39m [90m[2m(client)[22m[39m [32mpage reload [39m[2mplaywright-report/index.html[22m
[2m11:22:21 PM[22m [36m[1m[vite][22m[39m [90m[2m(client)[22m[39m [32mpage reload [39m[2mplaywright-report/trace/index.html[22m
[2m11:22:21 PM[22m [36m[1m[vite][22m[39m [90m[2m(client)[22m[39m [32mpage reload [39m[2mplaywright-report/trace/snapshot.html[22m
[2m11:22:21 PM[22m [36m[1m[vite][22m[39m [90m[2m(client)[22m[39m [32mpage reload [39m[2mplaywright-report/trace/uiMode.html[22m
[2m11:22:21 PM[22m [36m[1m[vite][22m[39m [90m[2m(client)[22m[39m [32mpage reload [39m[2mplaywright-report/index.html[22m
[2m11:27:21 PM[22m [36m[1m[vite][22m[39m [90m[2m(client)[22m[39m [32mpage reload [39m[2mplaywright-report/index.html[22m
[2m11:27:21 PM[22m [36m[1m[vite][22m[39m [90m[2m(client)[22m[39m [32mpage reload [39m[2mplaywright-report/trace/index.html[22m
[2m11:27:21 PM[22m [36m[1m[vite][22m[39m [90m[2m(client)[22m[39m [32mpage reload [39m[2mplaywright-report/trace/snapshot.html[22m
[2m11:27:21 PM[22m [36m[1m[vite][22m[39m [90m[2m(client)[22m[39m [32mpage reload [39m[2mplaywright-report/trace/uiMode.html[22m
[2m11:27:21 PM[22m [36m[1m[vite][22m[39m [90m[2m(client)[22m[39m [32mpage reload [39m[2mplaywright-report/index.html[22m
[2m11:27:21 PM[22m [36m[1m[vite][22m[39m [90m[2m(client)[22m[39m [32mpage reload [39m[2mplaywright-report/index.html[22m
[2m11:31:51 PM[22m [36m[1m[vite][22m[39m [90m[2m(client)[22m[39m [32mpage reload [39m[2mplaywright-report/index.html[22m
[2m11:31:52 PM[22m [36m[1m[vite][22m[39m [90m[2m(client)[22m[39m [32mpage reload [39m[2mplaywright-report/index.html[22m
[2m11:31:52 PM[22m [36m[1m[vite][22m[39m [90m[2m(client)[22m[39m [32mpage reload [39m[2mplaywright-report/index.html[22m
